// Jest Snapshot v1, https://goo.gl/fbAQLP

exports[`<App /> should render and match the snapshot 1`] = `
<BrowserRouter>
  <Helmet
    defaultTitle="Song Contest Rater"
    defer={true}
    encodeSpecialCharacters={true}
    htmlAttributes={
      Object {
        "lang": undefined,
      }
    }
    titleTemplate="%s - Song Contest Rater"
  >
    <meta
      content="A song contest rater application"
      name="description"
    />
    <meta
      content="minimum-scale=1, initial-scale=1, width=device-width"
      name="viewport"
    />
  </Helmet>
  <NavBar />
  <WithStyles(ForwardRef(Container))
    maxWidth="md"
  >
    <Switch>
      <Route
        component={[Function]}
        exact={true}
        path="/"
      />
      <Route
        component={[Function]}
        exact={true}
        path="/acts"
      />
      <Route
        component={[Function]}
      />
    </Switch>
  </WithStyles(ForwardRef(Container))>
</BrowserRouter>
`;
